// Jest Snapshot v1, https://goo.gl/fbAQLP

exports[`Colors should match snapshot 1`] = `
Object {
  "background": "#281212",
  "failure": "#a31c12",
  "icon": "hsl(0, 52%, 60%)",
  "success": "#50a3b2",
  "text": "hsl(6, 26%, 67%)",
  "textHighlight": "#fff",
  "unknown": "#7e706d",
  "warning": "#b87334",
}
`;
