// Jest Snapshot v1, https://goo.gl/fbAQLP

exports[`Typography should match snapshot 1`] = `
Object {
  "default": Object {
    "default": Object {
      "fontFamily": "'Open sans', sans-serif",
      "fontSize": "1.6vmin",
      "fontWeight": 400,
      "lineHeight": "3vmin",
    },
    "small": Object {
      "fontSize": "1.4vmin",
    },
    "strong": Object {
      "fontWeight": 600,
    },
  },
  "display": Object {
    "default": Object {
      "fontFamily": "'Montserrat', sans-serif",
      "fontSize": "2vmin",
    },
  },
}
`;
