// Jest Snapshot v1, https://goo.gl/fbAQLP

exports[`Colors should match snapshot 1`] = `
Object {
  "background": "#073642",
  "failure": "#dc322f",
  "icon": "#0badc2",
  "success": "#859900",
  "text": "#90a2a4",
  "textHighlight": "#eee8d5",
  "unknown": "#495b71",
  "warning": "#b58900",
}
`;
