// Jest Snapshot v1, https://goo.gl/fbAQLP

exports[`Colors should match snapshot 1`] = `
Object {
  "failure": "#ff9176",
  "icon": "#000",
  "success": "#4eb6a3",
  "text": "#000",
  "textHighlight": "#000",
  "unknown": "#c0ab7f",
  "warning": "#d1be65",
}
`;
