// Jest Snapshot v1, https://goo.gl/fbAQLP

exports[`Colors should match snapshot 1`] = `
Object {
  "background": "#1e2430",
  "failure": "#de5029",
  "icon": "#e0c671",
  "success": "#4ec2b4",
  "text": "#eedba5",
  "textHighlight": "#f6ecd0",
  "unknown": "#495b71",
  "warning": "#d1be65",
}
`;
