// Jest Snapshot v1, https://goo.gl/fbAQLP

exports[`Colors should match snapshot 1`] = `
Object {
  "background": "#ebf0f1",
  "failure": "#e37856",
  "icon": "#0badc2",
  "success": "#8ddb8d",
  "text": "#333",
  "unknown": "#d3dfe8",
  "warning": "#d1be65",
}
`;
